// Jest Snapshot v1, https://goo.gl/fbAQLP

exports[`Component/Spinner should render with given state from Redux store 1`] = `null`;
